------------------------------------------------------------
Timing Analyzer Summary
------------------------------------------------------------

Type  : Slow 1200mV 85C Model Setup 'clk'
Slack : -24.277
TNS   : -1650.659

Type  : Slow 1200mV 85C Model Setup 'S[0]'
Slack : -3.664
TNS   : -8.203

Type  : Slow 1200mV 85C Model Hold 'clk'
Slack : 0.401
TNS   : 0.000

Type  : Slow 1200mV 85C Model Hold 'S[0]'
Slack : 0.923
TNS   : 0.000

Type  : Slow 1200mV 85C Model Minimum Pulse Width 'clk'
Slack : -3.000
TNS   : -405.205

Type  : Slow 1200mV 85C Model Minimum Pulse Width 'S[0]'
Slack : 0.429
TNS   : 0.000

Type  : Slow 1200mV 0C Model Setup 'clk'
Slack : -21.903
TNS   : -1506.359

Type  : Slow 1200mV 0C Model Setup 'S[0]'
Slack : -3.334
TNS   : -7.518

Type  : Slow 1200mV 0C Model Hold 'clk'
Slack : 0.353
TNS   : 0.000

Type  : Slow 1200mV 0C Model Hold 'S[0]'
Slack : 0.833
TNS   : 0.000

Type  : Slow 1200mV 0C Model Minimum Pulse Width 'clk'
Slack : -3.000
TNS   : -405.205

Type  : Slow 1200mV 0C Model Minimum Pulse Width 'S[0]'
Slack : 0.410
TNS   : 0.000

Type  : Fast 1200mV 0C Model Setup 'clk'
Slack : -11.203
TNS   : -724.449

Type  : Fast 1200mV 0C Model Setup 'S[0]'
Slack : -1.579
TNS   : -3.482

Type  : Fast 1200mV 0C Model Hold 'clk'
Slack : 0.139
TNS   : 0.000

Type  : Fast 1200mV 0C Model Hold 'S[0]'
Slack : 0.406
TNS   : 0.000

Type  : Fast 1200mV 0C Model Minimum Pulse Width 'clk'
Slack : -3.000
TNS   : -334.873

Type  : Fast 1200mV 0C Model Minimum Pulse Width 'S[0]'
Slack : 0.246
TNS   : 0.000

------------------------------------------------------------
