------------------------------------------------------------
TimeQuest Timing Analyzer Summary
------------------------------------------------------------

Type  : Slow 1200mV 85C Model Setup 'increment_1'
Slack : -8.718
TNS   : -63.104

Type  : Slow 1200mV 85C Model Hold 'increment_1'
Slack : 1.330
TNS   : 0.000

Type  : Slow 1200mV 85C Model Recovery 'increment_1'
Slack : -10.239
TNS   : -75.958

Type  : Slow 1200mV 85C Model Removal 'increment_1'
Slack : 1.911
TNS   : 0.000

Type  : Slow 1200mV 85C Model Minimum Pulse Width 'increment_1'
Slack : -3.000
TNS   : -3.000

Type  : Slow 1200mV 0C Model Setup 'increment_1'
Slack : -7.828
TNS   : -57.337

Type  : Slow 1200mV 0C Model Hold 'increment_1'
Slack : 1.185
TNS   : 0.000

Type  : Slow 1200mV 0C Model Recovery 'increment_1'
Slack : -9.041
TNS   : -67.812

Type  : Slow 1200mV 0C Model Removal 'increment_1'
Slack : 1.777
TNS   : 0.000

Type  : Slow 1200mV 0C Model Minimum Pulse Width 'increment_1'
Slack : -3.000
TNS   : -3.000

Type  : Fast 1200mV 0C Model Setup 'increment_1'
Slack : -3.766
TNS   : -26.727

Type  : Fast 1200mV 0C Model Hold 'increment_1'
Slack : 0.335
TNS   : 0.000

Type  : Fast 1200mV 0C Model Recovery 'increment_1'
Slack : -4.679
TNS   : -33.416

Type  : Fast 1200mV 0C Model Removal 'increment_1'
Slack : 0.618
TNS   : 0.000

Type  : Fast 1200mV 0C Model Minimum Pulse Width 'increment_1'
Slack : -3.000
TNS   : -3.000

------------------------------------------------------------
